 SAP2000 v18.2.0 Ultimate 64-bit (Analysis Build 9503/64)                       
 File: D:\ITI Study Stuff\Grad...roject\SAC\SAC Projects\Test\SAP Model\Test.OUT
                                                                     
                                                                       

 D I S P L A C E M E N T   D E G R E E S   O F   F R E E D O M

         (A) = Active DOF, equilibrium equation
         (-) = Restrained DOF, reaction computed
         (+) = Constrained DOF
         (>) = External substructure DOF
         ( ) = Null DOF

  JOINTS              UX  UY  UZ  RX  RY  RZ
      27               -   -   -   -   -   -
      28 TO      31    A   A   A   A   A   A
      32 TO      69    -   -   -   -   -   -
      70 TO      73    A   A   A   A   A   A
      74 TO      75    -   -   -   -   -   -
      76 TO      79    A   A   A   A   A   A
      80 TO      81    -   -   -   -   -   -
      82 TO      85    A   A   A   A   A   A
      86               -   -   -   -   -   -

  JOINTS              UX  UY  UZ  RX  RY  RZ
 2000000 TO 6000004    A   A   A   A   A   A

  JOINTS              UX  UY  UZ  RX  RY  RZ
 7000000 TO 9000004    A   A   A   A   A   A

  JOINTS              UX  UY  UZ  RX  RY  RZ
 0000000 TO 9000004    A   A   A   A   A   A

  JOINTS              UX  UY  UZ  RX  RY  RZ
 0000000 TO 5000008    A   A   A   A   A   A
